
> barberx-frontend@0.0.0 build
> vite build

[36mvite v8.0.13 [32mbuilding client environment for production...[36m[39m
[2Ktransforming...✓ 1895 modules transformed.
rendering chunks...
computing gzip size...
dist/index.html                   0.46 kB │ gzip:   0.30 kB
dist/assets/index-BgGZDtDr.css   18.69 kB │ gzip:   4.14 kB
dist/assets/index-D69tuP8O.js   406.29 kB │ gzip: 128.26 kB

[31m✗[39m Build failed in 1.93s
[31merror during build:
[31mBuild failed with 1 error:

Error: [vite]: Rolldown failed to resolve import "react-form" from "C:/Users/Ajmot/OneDrive/Desktop/barBx-backend/barberx-frontend/src/features/auth/pages/LoginPage.jsx".
This is most likely unintended because it can break your application at runtime.
If you do want to externalize this module explicitly add it to
`build.rolldownOptions.external`
    at viteLog (file:///C:/Users/Ajmot/OneDrive/Desktop/barBx-backend/barberx-frontend/node_modules/vite/dist/node/chunks/node.js:33226:57)
    at file:///C:/Users/Ajmot/OneDrive/Desktop/barBx-backend/barberx-frontend/node_modules/vite/dist/node/chunks/node.js:33262:71
    at onwarn (file:///C:/Users/Ajmot/OneDrive/Desktop/barBx-backend/barberx-frontend/node_modules/@vitejs/plugin-react/dist/index.js:40:7)
    at file:///C:/Users/Ajmot/OneDrive/Desktop/barBx-backend/barberx-frontend/node_modules/vite/dist/node/chunks/node.js:33262:28
    at onRollupLog (file:///C:/Users/Ajmot/OneDrive/Desktop/barBx-backend/barberx-frontend/node_modules/vite/dist/node/chunks/node.js:33257:63)
    at onLog (file:///C:/Users/Ajmot/OneDrive/Desktop/barBx-backend/barberx-frontend/node_modules/vite/dist/node/chunks/node.js:33026:4)
    at file:///C:/Users/Ajmot/OneDrive/Desktop/barBx-backend/barberx-frontend/node_modules/rolldown/dist/shared/rolldown-build-BVD3dIdE.mjs:50:26
    at logger (file:///C:/Users/Ajmot/OneDrive/Desktop/barBx-backend/barberx-frontend/node_modules/rolldown/dist/shared/rolldown-build-BVD3dIdE.mjs:41:3)
    at onLog (file:///C:/Users/Ajmot/OneDrive/Desktop/barBx-backend/barberx-frontend/node_modules/rolldown/dist/shared/bindingify-input-options-BnfFBV6b.mjs:2013:32)[31m
    at aggregateBindingErrorsIntoJsError (file:///C:/Users/Ajmot/OneDrive/Desktop/barBx-backend/barberx-frontend/node_modules/rolldown/dist/shared/error-CkdMJ9ps.mjs:48:18)
    at unwrapBindingResult (file:///C:/Users/Ajmot/OneDrive/Desktop/barBx-backend/barberx-frontend/node_modules/rolldown/dist/shared/error-CkdMJ9ps.mjs:18:128)
    at #build (file:///C:/Users/Ajmot/OneDrive/Desktop/barBx-backend/barberx-frontend/node_modules/rolldown/dist/shared/rolldown-build-BVD3dIdE.mjs:3275:34)
    at async buildEnvironment (file:///C:/Users/Ajmot/OneDrive/Desktop/barBx-backend/barberx-frontend/node_modules/vite/dist/node/chunks/node.js:33133:64)
    at async Object.build (file:///C:/Users/Ajmot/OneDrive/Desktop/barBx-backend/barberx-frontend/node_modules/vite/dist/node/chunks/node.js:33555:19)
    at async Object.buildApp (file:///C:/Users/Ajmot/OneDrive/Desktop/barBx-backend/barberx-frontend/node_modules/vite/dist/node/chunks/node.js:33552:153)
    at async CAC.<anonymous> (file:///C:/Users/Ajmot/OneDrive/Desktop/barBx-backend/barberx-frontend/node_modules/vite/dist/node/cli.js:777:3) {
  errors: [Getter/Setter]
}[39m
